// Jest Snapshot v1, https://goo.gl/fbAQLP

exports[`GuestGreeting Should display GuestGreeting 1`] = `
<h1>
  Hi stranger âœŒ Please login ðŸš€
</h1>
`;
