// Jest Snapshot v1, https://goo.gl/fbAQLP

exports[`UserGreeting Should display UserGreeting 1`] = `
<h1>
  Hello, user ðŸ˜Ž
</h1>
`;
