// Jest Snapshot v1, https://goo.gl/fbAQLP

exports[`User should render user data 1`] = `true`;
